src/pages/Dashboard/Admin/___invoice/InvoiceDetails.tsx(147,42): error TS2769: No overload matches this call.
  Overload 1 of 4, '(value: string | number | Date): Date', gave the following error.
    Argument of type 'string | null' is not assignable to parameter of type 'string | number | Date'.
      Type 'null' is not assignable to type 'string | number | Date'.
  Overload 2 of 4, '(value: string | number): Date', gave the following error.
    Argument of type 'string | null' is not assignable to parameter of type 'string | number'.
      Type 'null' is not assignable to type 'string | number'.
src/pages/Dashboard/Admin/___invoice/SendInvoice.tsx(41,18): error TS2345: Argument of type '{ amount: number; due_date: string | null; name: string; email: string; currency: string; _id?: string | undefined; invoiceAmount?: number | undefined; duration?: string | null | undefined; ... 4 more ...; updatedAt?: string | ... 1 more ... | undefined; }' is not assignable to parameter of type 'SetStateAction<Invoice | null>'.
  Type '{ amount: number; due_date: string | null; name: string; email: string; currency: string; _id?: string | undefined; invoiceAmount?: number | undefined; duration?: string | null | undefined; ... 4 more ...; updatedAt?: string | ... 1 more ... | undefined; }' is not assignable to type 'Invoice'.
    Types of property 'duration' are incompatible.
      Type 'string | null | undefined' is not assignable to type 'string'.
        Type 'undefined' is not assignable to type 'string'.
src/pages/Dashboard/Admin/___invoice/SendInvoice.tsx(46,11): error TS2769: No overload matches this call.
  Overload 1 of 4, '(value: string | number | Date): Date', gave the following error.
    Argument of type 'string | null' is not assignable to parameter of type 'string | number | Date'.
      Type 'null' is not assignable to type 'string | number | Date'.
  Overload 2 of 4, '(value: string | number): Date', gave the following error.
    Argument of type 'string | null' is not assignable to parameter of type 'string | number'.
      Type 'null' is not assignable to type 'string | number'.
src/pages/Dashboard/Admin/rbcmgt/PermissionsManagement.tsx(41,25): error TS2345: Argument of type '{ [x: string]: unknown; name: string; resource: string; action: string; _id?: string | undefined; description?: string | undefined; createdAt?: string | undefined; updatedAt?: string | undefined; }' is not assignable to parameter of type '{ [x: string]: {} | undefined; name?: string | undefined; resource?: string | undefined; action?: string | undefined; _id?: string | undefined; description?: string | undefined; createdAt?: string | undefined; updatedAt?: string | undefined; }'.
  'string' index signatures are incompatible.
    Type 'unknown' is not assignable to type '{} | undefined'.
src/pages/Dashboard/Admin/rbcmgt/PermissionsManagement.tsx(61,11): error TS2322: Type 'string | undefined' is not assignable to type 'string'.
  Type 'undefined' is not assignable to type 'string'.
src/pages/Dashboard/Admin/rbcmgt/PermissionsManagement.tsx(111,47): error TS2345: Argument of type 'string | undefined' is not assignable to parameter of type 'string'.
  Type 'undefined' is not assignable to type 'string'.
src/pages/Dashboard/Admin/rbcmgt/RolePermissionMatrix.tsx(46,29): error TS2345: Argument of type '(string | undefined)[]' is not assignable to parameter of type 'SetStateAction<string[]>'.
  Type '(string | undefined)[]' is not assignable to type 'string[]'.
    Type 'string | undefined' is not assignable to type 'string'.
      Type 'undefined' is not assignable to type 'string'.
src/pages/Dashboard/Admin/rbcmgt/RolePermissionMatrix.tsx(104,29): error TS2345: Argument of type '(string | undefined)[]' is not assignable to parameter of type 'SetStateAction<string[]>'.
  Type '(string | undefined)[]' is not assignable to type 'string[]'.
    Type 'string | undefined' is not assignable to type 'string'.
      Type 'undefined' is not assignable to type 'string'.
src/pages/Dashboard/Admin/rbcmgt/RolePermissionMatrix.tsx(141,55): error TS2345: Argument of type 'string | undefined' is not assignable to parameter of type 'string'.
  Type 'undefined' is not assignable to type 'string'.
src/pages/Dashboard/Admin/rbcmgt/RolePermissionMatrix.tsx(148,53): error TS2345: Argument of type 'string | undefined' is not assignable to parameter of type 'string'.
  Type 'undefined' is not assignable to type 'string'.
